UNINSTALL ORACLE JDK
Remove The Link
First of all remove the alternatives by executing the following commands:

$ sudo update-alternatives --remove "java" "/usr/lib/jvm/jdk[version]/bin/java"
$ sudo update-alternatives --remove "javac" "/usr/lib/jvm/jdk[version]/bin/javac"
$ sudo update-alternatives --remove "javaws" "/usr/lib/jvm/jdk[version]/jre/bin/javaws"
Note: Replace the [version] with any version number that’s contained in jdk folder’s name. For example: jdk1.8.0_131.

Remove The Package
After removing link, remove the package inside /usr/lib/jvm/jdk[version] by executing following command:
$ sudo rm -r /usr/lib/jvm/jdk[version]

UNINSTALL OPENJDK
If you want to remove Openjdk only, execute the following command on terminal:
$ sudo apt-get remove openjdk*

If you want to remove Openjdk along with dependencies, execute the following command on terminal:
$ sudo apt-get remove --auto-remove openjdk*

If you want to remove Openjdk and it’s configuration files, execute the following command on terminal:
$ sudo apt-get purge openjdk*

If you want to remove Openjdk along with dependencies and it’s configuration files, execute the following command on terminal:
$ sudo apt-get purge --auto-remove openjdk*

This is how you can uninstall JDK. Share this, if it is helpful to you and please report us if you found and error in this post. Thank you.
